
> vocal-gem@0.1.0 build
> vite build

[36mvite v5.4.21 [32mbuilding for production...[36m[39m
transforming...
[32mΓ£ô[39m 6 modules transformed.
x Build failed in 425ms
error during build:
[vite-plugin-pwa:build] [plugin vite-plugin-pwa:build] src/App.jsx (215:11): There was an error during the build:
  Transform failed with 1 error:
C:/Users/riley/Desktop/GEM/src/App.jsx:215:11: ERROR: Unexpected "WarmUpModule"
Additionally, handling the error in the 'buildEnd' hook caused the following error:
  Transform failed with 1 error:
C:/Users/riley/Desktop/GEM/src/App.jsx:215:11: ERROR: Unexpected "WarmUpModule"
file: C:/Users/riley/Desktop/GEM/src/App.jsx:215:11

Unexpected "WarmUpModule"
213|      }, [settings.listenMode, audioEngineRef.current]);
214|  
215|      import WarmUpModule from './components/ui/WarmUpModule';
   |             ^
216|      import ForwardFocusDrill from './components/ui/ForwardFocusDrill';
217|      import IncognitoScreen from './components/ui/IncognitoScreen';

    at getRollupError (file:///C:/Users/riley/Desktop/GEM/node_modules/rollup/dist/es/shared/parseAst.js:401:41)
    at file:///C:/Users/riley/Desktop/GEM/node_modules/rollup/dist/es/shared/node-entry.js:23347:39
    at process.processTicksAndRejections (node:internal/process/task_queues:103:5)
    at async catchUnfinishedHookActions (file:///C:/Users/riley/Desktop/GEM/node_modules/rollup/dist/es/shared/node-entry.js:22805:16)
    at async rollupInternal (file:///C:/Users/riley/Desktop/GEM/node_modules/rollup/dist/es/shared/node-entry.js:23330:5)
    at async build (file:///C:/Users/riley/Desktop/GEM/node_modules/vite/dist/node/chunks/dep-BK3b2jBa.js:65709:14)
    at async CAC.<anonymous> (file:///C:/Users/riley/Desktop/GEM/node_modules/vite/dist/node/cli.js:829:5)
