
> vocal-gem@0.1.0 build
> vite build

[baseline-browser-mapping] The data in this module is over two months old.  To ensure accurate Baseline data, please update: `npm i baseline-browser-mapping@latest -D`
vite v5.4.21 building for production...
transforming...
Browserslist: browsers data (caniuse-lite) is 10 months old. Please run:
  npx update-browserslist-db@latest
  Why you should do it regularly: https://github.com/browserslist/update-db#readme
✓ 4348 modules transformed.
node_modules/onnxruntime-web/dist/ort-web.min.js (6:62546): Use of eval in "node_modules/onnxruntime-web/dist/ort-web.min.js" is strongly discouraged as it poses security risks and may cause issues with minification.
rendering chunks...
[plugin:vite:reporter] [plugin vite:reporter] 
(!) /app/src/services/SyncManager.js is dynamically imported by /app/src/context/SettingsContext.jsx but also statically imported by /app/src/components/ui/FeedbackSettings.jsx, /app/src/context/JournalContext.jsx, /app/src/context/StatsContext.jsx, /app/src/hooks/useOfflineStatus.js, dynamic import will not move module into another chunk.

computing gzip size...
dist/manifest.webmanifest                            0.35 kB
dist/index.html                                      2.21 kB │ gzip:   0.84 kB
dist/assets/PitchWorklet-itCa0b8r.js                 5.78 kB
dist/assets/index-DjG3y4xf.css                     184.19 kB │ gzip:  24.51 kB
dist/assets/VoiceJournalService-Yi69Nz_f.js          1.56 kB │ gzip:   0.73 kB
dist/assets/colormaps-BsY4zbOm.js                    1.77 kB │ gzip:   0.83 kB
dist/assets/GlossaryView-C3lvhyK1.js                 1.95 kB │ gzip:   0.89 kB
dist/assets/GenderPerceptionPredictor-VqGNGTaI.js    1.98 kB │ gzip:   0.94 kB
dist/assets/RelaxationRoutine-DWgLIUyK.js            2.01 kB │ gzip:   0.95 kB
dist/assets/RenderCoordinator-RxT3-zct.js            2.04 kB │ gzip:   0.87 kB
dist/assets/QuickWarmUp-NkdbNL5t.js                  2.10 kB │ gzip:   0.96 kB
dist/assets/StyleMixer-KRhvfMzU.js                   2.25 kB │ gzip:   1.05 kB
dist/assets/TexturePlay-DrYTRZEE.js                  2.38 kB │ gzip:   1.09 kB
dist/assets/CompassWizard-EvNRSQTG.js                2.47 kB │ gzip:   0.80 kB
dist/assets/InflectionMap-DR3YJRnt.js                2.58 kB │ gzip:   0.91 kB
dist/assets/VowelGlides-BSOuSp4U.js                  2.65 kB │ gzip:   1.21 kB
dist/assets/SyllableStacker-DHoVwY6k.js              2.66 kB │ gzip:   1.08 kB
dist/assets/RegisterBlend-BCeUPwbL.js                2.73 kB │ gzip:   1.07 kB
dist/assets/ReadingPractice-9T53G-0S.js              2.86 kB │ gzip:   1.32 kB
dist/assets/DailyPhrases-C89QGaGq.js                 2.88 kB │ gzip:   1.21 kB
dist/assets/ProjectionPractice-BlCTJSih.js           2.89 kB │ gzip:   1.04 kB
dist/assets/StudentSelfEvaluation-C95vtABo.js        2.92 kB │ gzip:   1.32 kB
dist/assets/SelfCareService-aJaD6Lgh.js              3.10 kB │ gzip:   1.40 kB
dist/assets/TwangTechnique-DqCErhQm.js               3.21 kB │ gzip:   1.25 kB
dist/assets/PracticePhilosophy-DHakTVkc.js           3.21 kB │ gzip:   0.97 kB
dist/assets/Module3WrapUp-pGBAc6mV.js                3.22 kB │ gzip:   1.30 kB
dist/assets/NameVisualizer-CtYzeDW_.js               3.24 kB │ gzip:   1.37 kB
dist/assets/Module5WrapUp-Boa5Ks7C.js                3.25 kB │ gzip:   1.36 kB
dist/assets/Module4WrapUp-DMVf1XCC.js                3.25 kB │ gzip:   1.35 kB
dist/assets/CognitiveLoadGames-CEoAr8m0.js           3.28 kB │ gzip:   1.44 kB
dist/assets/ResonanceBreathBalance-wR2u_-1B.js       3.47 kB │ gzip:   1.40 kB
dist/assets/VocalHygiene-CHHDFq94.js                 3.49 kB │ gzip:   1.35 kB
dist/assets/Module2WrapUp-Bjl-clcV.js                3.51 kB │ gzip:   1.40 kB
dist/assets/VoiceNeutrality-QEm4aP5s.js              3.51 kB │ gzip:   1.32 kB
dist/assets/RecoveryStrategy-ypIPu7iS.js             3.54 kB │ gzip:   1.19 kB
dist/assets/BreathSupport-pfCZWrK4.js                3.55 kB │ gzip:   1.25 kB
dist/assets/VoiceCalibrationService-DljMGlw8.js      3.65 kB │ gzip:   1.50 kB
dist/assets/InflectionExercises-BZva12se.js          3.84 kB │ gzip:   1.63 kB
dist/assets/BigPictureAssessment-Cj2ZQXvX.js         3.86 kB │ gzip:   1.47 kB
dist/assets/VowelSpacePlot-Dv9NLa4j.js               3.96 kB │ gzip:   1.81 kB
dist/assets/MWordChallenge-xH8FtrdZ.js               4.01 kB │ gzip:   1.62 kB
dist/assets/LarynxControl-C3P2bCLl.js                4.09 kB │ gzip:   1.72 kB
dist/assets/ProsodyTheory-BflWhHaL.js                4.17 kB │ gzip:   1.57 kB
dist/assets/PitchMemorizer-T5-L2VwU.js               4.21 kB │ gzip:   1.53 kB
dist/assets/TwangDojo-D--LZ0Hs.js                    4.25 kB │ gzip:   1.57 kB
dist/assets/HabitBuilder-_pgz0O18.js                 4.40 kB │ gzip:   1.41 kB
dist/assets/CalibrationWizard-Du0Ltqjb.js            4.57 kB │ gzip:   1.56 kB
dist/assets/PitchExercises-CuZif-gi.js               4.62 kB │ gzip:   1.53 kB
dist/assets/ContourVisualizer-CWsX1vEu.js            4.65 kB │ gzip:   1.82 kB
dist/assets/FollowAlongWarmup-B9v8XoSN.js            4.71 kB │ gzip:   1.80 kB
dist/assets/InflectionLesson-BeYX4wBo.js             4.91 kB │ gzip:   1.69 kB
dist/assets/FeedbackControls-DRwmGpNa.js             5.08 kB │ gzip:   1.56 kB
dist/assets/ModuleWrapUp-CCJUvru0.js                 5.20 kB │ gzip:   1.94 kB
dist/assets/Spectrogram-CaN--PgQ.js                  5.39 kB │ gzip:   2.56 kB
dist/assets/ProgressDashboard-BRd2r9Xp.js            5.50 kB │ gzip:   1.88 kB
dist/assets/ResonanceApplication-CK3n2yKc.js         5.71 kB │ gzip:   1.81 kB
dist/assets/workbox-window.prod.es5-vqzQaGvo.js      5.72 kB │ gzip:   2.35 kB
dist/assets/SelfCareOnboarding-BDb83oVa.js           5.86 kB │ gzip:   2.05 kB
dist/assets/TranscriptionPractice-B5tFJDY6.js        5.92 kB │ gzip:   2.17 kB
dist/assets/VoiceAudit-W4DHTVDb.js                   5.96 kB │ gzip:   2.19 kB
dist/assets/ClientDashboard-Ba8kGIxp.js              6.24 kB │ gzip:   1.81 kB
dist/assets/TonalConsistency-1Ugsa4w8.js             6.45 kB │ gzip:   1.98 kB
dist/assets/GraduationReflection-BVDfJq8R.js         6.57 kB │ gzip:   1.85 kB
dist/assets/SoundJournal-CIbkOV4u.js                 6.60 kB │ gzip:   2.13 kB
dist/assets/MixingBoardView-REhBDevF.js              6.64 kB │ gzip:   2.36 kB
dist/assets/PitchExploration-C4Jn1YO5.js             6.65 kB │ gzip:   1.97 kB
dist/assets/InspirationBoard-CwPXKmWL.js             6.95 kB │ gzip:   1.98 kB
dist/assets/SpectrogramComparison-Cd-3XKJH.js        7.21 kB │ gzip:   2.39 kB
dist/assets/WarmupRoutine-DB5smAK8.js                7.24 kB │ gzip:   2.66 kB
dist/assets/TutorialWizard-wUGGe2rA.js               7.27 kB │ gzip:   2.05 kB
dist/assets/VocalAnatomyLesson-JBWqcvQT.js           7.37 kB │ gzip:   2.24 kB
dist/assets/VoiceQualityMeter-BNDg7Ev6.js            7.59 kB │ gzip:   2.25 kB
dist/assets/VocalWeightTheory-Dmyom3mS.js            8.35 kB │ gzip:   2.51 kB
dist/assets/PitchFeedbackTool-Tu-Sfav4.js            8.65 kB │ gzip:   2.94 kB
dist/assets/PianoLesson-ROs_RpGz.js                  8.75 kB │ gzip:   2.79 kB
dist/assets/VoiceAlterationLesson-B578P5hs.js        8.84 kB │ gzip:   2.49 kB
dist/assets/glossaryData-BlRDfzY_.js                 9.37 kB │ gzip:   3.47 kB
dist/assets/AdaptivePracticeSession-BKqros3d.js      9.38 kB │ gzip:   3.18 kB
dist/assets/ResonanceOrb-WvRXHHwK.js                 9.61 kB │ gzip:   3.50 kB
dist/assets/CAPEVAssessment-Z3R-j-cA.js              9.63 kB │ gzip:   3.43 kB
dist/assets/PitchInfoView-CTjuLcXz.js               10.97 kB │ gzip:   3.55 kB
dist/assets/BaselineRecorder-CJIa9Bnp.js            11.19 kB │ gzip:   4.08 kB
dist/assets/ExerciseLibraryView-BvSwpx9f.js         11.38 kB │ gzip:   2.95 kB
dist/assets/VoiceQualityInfoView-Clo4HJ01.js        11.68 kB │ gzip:   3.35 kB
dist/assets/VocalAnatomyInfoView-DENyRonw.js        11.98 kB │ gzip:   3.44 kB
dist/assets/WeightToolbox-rigRQ5Je.js               12.04 kB │ gzip:   3.24 kB
dist/assets/ResonanceInfoView-C-yg-zts.js           12.16 kB │ gzip:   3.67 kB
dist/assets/IntonationInfoView-BgXBzMKJ.js          12.28 kB │ gzip:   3.34 kB
dist/assets/ArticulationInfoView-CQiN5nGZ.js        12.34 kB │ gzip:   3.47 kB
dist/assets/GenderPerceptionInfoView-CM83qX44.js    12.65 kB │ gzip:   3.92 kB
dist/assets/Module6WrapUp-8VYiHyaY.js               13.49 kB │ gzip:   4.58 kB
dist/assets/FormantsInfoView-B42RJJb2.js            15.49 kB │ gzip:   4.56 kB
dist/assets/ExerciseLibrary-_Gweskxp.js             17.28 kB │ gzip:   4.94 kB
dist/assets/VoiceJournalView-CthBz7S1.js            17.49 kB │ gzip:   5.73 kB
dist/assets/ProgramView-DM2RryMB.js                 18.39 kB │ gzip:   5.81 kB
dist/assets/knowledgeBase-5up1QauT.js               19.11 kB │ gzip:   7.21 kB
dist/assets/purify.es-B6FQ9oRL.js                   22.57 kB │ gzip:   8.74 kB
dist/assets/PracticeCardsPanel-BmTLOYSr.js          23.42 kB │ gzip:   5.33 kB
dist/assets/DynamicOrb-Dlq5_KNx.js                  26.69 kB │ gzip:   8.06 kB
dist/assets/PitchVisualizer-C1kxcjF_.js             29.27 kB │ gzip:   9.61 kB
dist/assets/ContextualTips-DHddeMfF.js              29.29 kB │ gzip:  12.11 kB
dist/assets/ClinicalAssessmentView-Dd1C0cx_.js      29.78 kB │ gzip:   8.44 kB
dist/assets/react-vendor-EXphGbc8.js                30.92 kB │ gzip:  11.56 kB
dist/assets/Sidebar-B_Mkj0S2.js                     37.81 kB │ gzip:  14.07 kB
dist/assets/DashboardView-BLBIN5uv.js               38.03 kB │ gzip:  10.12 kB
dist/assets/SettingsView-BI5Md-kL.js                39.78 kB │ gzip:   8.46 kB
dist/assets/LearnView-Bd8Yb782.js                   67.78 kB │ gzip:  18.40 kB
dist/assets/ui-icons-CvQoWZgv.js                    70.00 kB │ gzip:  14.17 kB
dist/assets/AnalysisHub-BOSCiFP5.js                 96.14 kB │ gzip:  27.68 kB
dist/assets/index.es-Dfa4eMdr.js                   150.51 kB │ gzip:  51.45 kB
dist/assets/GuidedJourney-k6IG9Jkq.js              151.17 kB │ gzip:  44.18 kB
dist/assets/HistoryView-BbTPIp7d.js                232.10 kB │ gzip:  57.18 kB
dist/assets/PracticeMode-BvOrxJWK.js               236.44 kB │ gzip:  62.87 kB
dist/assets/three-fiber-BmduBqDW.js                295.54 kB │ gzip:  94.87 kB
dist/assets/pdf-B7t4WHhw.js                        418.70 kB │ gzip: 136.82 kB
dist/assets/three-core-DsGUN9zA.js                 718.83 kB │ gzip: 186.87 kB
dist/assets/index-DefKMMCi.js                      767.57 kB │ gzip: 243.98 kB
dist/assets/transformers-CCI1hDU5.js               825.36 kB │ gzip: 200.26 kB
✓ built in 34.38s

PWA v1.2.0
mode      generateSW
precache  138 entries (12662.23 KiB)
files generated
  dist/sw.js
  dist/workbox-1d305bb8.js
