
> vocal-gem@0.1.0 build /app
> vite build

vite v5.4.21 building for production...
transforming...
✓ 4358 modules transformed.
node_modules/.pnpm/onnxruntime-web@1.14.0/node_modules/onnxruntime-web/dist/ort-web.min.js (6:62546): Use of eval in "node_modules/.pnpm/onnxruntime-web@1.14.0/node_modules/onnxruntime-web/dist/ort-web.min.js" is strongly discouraged as it poses security risks and may cause issues with minification.
rendering chunks...
[plugin:vite:reporter] [plugin vite:reporter]
(!) /app/src/services/SyncManager.js is dynamically imported by /app/src/context/SettingsContext.jsx but also statically imported by /app/src/components/ui/FeedbackSettings.jsx, /app/src/context/JournalContext.jsx, /app/src/context/StatsContext.jsx, /app/src/hooks/useOfflineStatus.js, dynamic import will not move module into another chunk.

computing gzip size...
dist/manifest.webmanifest                              0.35 kB
dist/index.html                                        2.21 kB │ gzip:   0.84 kB
dist/assets/PitchWorklet-B2g0ug_M.js                   5.29 kB
dist/assets/index-RW-rdMAo.css                       182.74 kB │ gzip:  24.37 kB
dist/assets/VoiceJournalService-Yi69Nz_f.js            1.56 kB │ gzip:   0.73 kB
dist/assets/colormaps-BsY4zbOm.js                      1.77 kB │ gzip:   0.83 kB
dist/assets/RenderCoordinator-gQBUuF49.js              1.86 kB │ gzip:   0.85 kB
dist/assets/GlossaryView-DKDyHvgm.js                   1.95 kB │ gzip:   0.89 kB
dist/assets/GenderPerceptionPredictor-VqGNGTaI.js      1.98 kB │ gzip:   0.94 kB
dist/assets/RelaxationRoutine-Cj3_0G4K.js              2.01 kB │ gzip:   0.95 kB
dist/assets/QuickWarmUp-Bi-EGYuq.js                    2.10 kB │ gzip:   0.96 kB
dist/assets/StyleMixer-CkQPl_wi.js                     2.25 kB │ gzip:   1.05 kB
dist/assets/TexturePlay-Ou3P1RUW.js                    2.38 kB │ gzip:   1.08 kB
dist/assets/CompassWizard-CuVuaO7-.js                  2.47 kB │ gzip:   0.80 kB
dist/assets/InflectionMap-C5TdmEIp.js                  2.58 kB │ gzip:   0.91 kB
dist/assets/VowelGlides-DiW-HGt-.js                    2.65 kB │ gzip:   1.21 kB
dist/assets/SyllableStacker-CeyRwpvG.js                2.66 kB │ gzip:   1.08 kB
dist/assets/RegisterBlend-C24evkBB.js                  2.73 kB │ gzip:   1.07 kB
dist/assets/ReadingPractice-DSi8wiKr.js                2.86 kB │ gzip:   1.32 kB
dist/assets/DailyPhrases-DbTDXvFz.js                   2.88 kB │ gzip:   1.21 kB
dist/assets/ProjectionPractice-Bs6ir09u.js             2.89 kB │ gzip:   1.04 kB
dist/assets/StudentSelfEvaluation-D91gr4-o.js          2.92 kB │ gzip:   1.32 kB
dist/assets/DailyChallengeService-CtaxEtE1.js          3.04 kB │ gzip:   1.24 kB
dist/assets/TwangTechnique-U1MLUJXQ.js                 3.21 kB │ gzip:   1.24 kB
dist/assets/PracticePhilosophy-BkOKf4uB.js             3.21 kB │ gzip:   0.97 kB
dist/assets/Module3WrapUp-zGMGx1EQ.js                  3.22 kB │ gzip:   1.30 kB
dist/assets/NameVisualizer-WvxqCy7I.js                 3.24 kB │ gzip:   1.37 kB
dist/assets/Module5WrapUp-DPmCdDNB.js                  3.25 kB │ gzip:   1.36 kB
dist/assets/Module4WrapUp-DVeNaAMX.js                  3.25 kB │ gzip:   1.35 kB
dist/assets/CognitiveLoadGames-Cd7Vs8gM.js             3.28 kB │ gzip:   1.44 kB
dist/assets/SelfCareService-DovTwczw.js                3.42 kB │ gzip:   1.53 kB
dist/assets/ResonanceBreathBalance-Dsqp4WqX.js         3.47 kB │ gzip:   1.40 kB
dist/assets/VocalHygiene-BdIqF1Nm.js                   3.49 kB │ gzip:   1.35 kB
dist/assets/Module2WrapUp-C3RIU_cq.js                  3.51 kB │ gzip:   1.40 kB
dist/assets/VoiceNeutrality-DPe7jU8h.js                3.52 kB │ gzip:   1.32 kB
dist/assets/RecoveryStrategy-neCn7wtj.js               3.54 kB │ gzip:   1.19 kB
dist/assets/BreathSupport-BluFhbGy.js                  3.55 kB │ gzip:   1.25 kB
dist/assets/VoiceCalibrationService-Hnb8Is4l.js        3.65 kB │ gzip:   1.49 kB
dist/assets/InflectionExercises-D3y3PNgw.js            3.84 kB │ gzip:   1.63 kB
dist/assets/BigPictureAssessment-BPgmb_hP.js           3.86 kB │ gzip:   1.47 kB
dist/assets/VowelSpacePlot-Bn0Mt8pP.js                 3.96 kB │ gzip:   1.81 kB
dist/assets/MWordChallenge-DMSpeBKJ.js                 4.01 kB │ gzip:   1.62 kB
dist/assets/LarynxControl-BxssWO2b.js                  4.09 kB │ gzip:   1.71 kB
dist/assets/ProsodyTheory-lD6WSq56.js                  4.17 kB │ gzip:   1.57 kB
dist/assets/PitchMemorizer-C-xkNb4D.js                 4.21 kB │ gzip:   1.53 kB
dist/assets/TwangDojo-DBR_NA_S.js                      4.25 kB │ gzip:   1.57 kB
dist/assets/HabitBuilder-D2cSFLGE.js                   4.41 kB │ gzip:   1.41 kB
dist/assets/CalibrationWizard-Xu6FR75D.js              4.57 kB │ gzip:   1.56 kB
dist/assets/PitchExercises-C-ku8IGE.js                 4.62 kB │ gzip:   1.53 kB
dist/assets/ContourVisualizer-DTOvnT0I.js              4.64 kB │ gzip:   1.80 kB
dist/assets/FollowAlongWarmup-BC3Y-qBJ.js              4.71 kB │ gzip:   1.80 kB
dist/assets/FeedbackControls-CrdUML2Y.js               4.90 kB │ gzip:   1.51 kB
dist/assets/InflectionLesson-COfept6x.js               4.91 kB │ gzip:   1.69 kB
dist/assets/MarketplaceView-rxLcWYxl.js                4.92 kB │ gzip:   1.97 kB
dist/assets/ProgramView-B6S8Hn72.js                    5.12 kB │ gzip:   1.78 kB
dist/assets/Spectrogram-D3iUjW1S.js                    5.22 kB │ gzip:   2.54 kB
dist/assets/ModuleWrapUp-DdlMTXyY.js                   5.41 kB │ gzip:   1.98 kB
dist/assets/ProgressDashboard-CRpH28IZ.js              5.50 kB │ gzip:   1.88 kB
dist/assets/ResonanceApplication-BdmGtq0X.js           5.71 kB │ gzip:   1.81 kB
dist/assets/workbox-window.prod.es5-vqzQaGvo.js        5.72 kB │ gzip:   2.35 kB
dist/assets/SelfCareOnboarding-DiI8QEdK.js             5.86 kB │ gzip:   2.05 kB
dist/assets/TranscriptionPractice-Dyn5Fa02.js          5.92 kB │ gzip:   2.17 kB
dist/assets/VoiceAudit-Br5JRf6v.js                     5.96 kB │ gzip:   2.19 kB
dist/assets/ClientDashboard-CLEXSAvz.js                6.24 kB │ gzip:   1.81 kB
dist/assets/TonalConsistency-CAAiSjMa.js               6.45 kB │ gzip:   1.98 kB
dist/assets/GraduationReflection-OuRYUugm.js           6.57 kB │ gzip:   1.85 kB
dist/assets/SoundJournal-z11dFHA8.js                   6.60 kB │ gzip:   2.13 kB
dist/assets/MixingBoardView-DVdWhGBW.js                6.64 kB │ gzip:   2.36 kB
dist/assets/PitchExploration-uIh75Zdj.js               6.65 kB │ gzip:   1.96 kB
dist/assets/InspirationBoard-BA7_3KNK.js               6.95 kB │ gzip:   1.98 kB
dist/assets/SpectrogramComparison-B_qbdf9v.js          7.21 kB │ gzip:   2.39 kB
dist/assets/WarmupRoutine-Do4Vq-a4.js                  7.24 kB │ gzip:   2.66 kB
dist/assets/TutorialWizard-_HXO7PK-.js                 7.27 kB │ gzip:   2.05 kB
dist/assets/VocalAnatomyLesson-pDj-cz2E.js             7.37 kB │ gzip:   2.24 kB
dist/assets/VoiceQualityMeter-DSar5koS.js              7.74 kB │ gzip:   2.32 kB
dist/assets/VocalWeightTheory-D6gDzPiu.js              8.35 kB │ gzip:   2.51 kB
dist/assets/VoiceJournalView-DjOXqMHH.js               8.53 kB │ gzip:   3.18 kB
dist/assets/PianoLesson-Bx3WRO-1.js                    8.75 kB │ gzip:   2.79 kB
dist/assets/VoiceAlterationLesson-NAdwjpqu.js          8.84 kB │ gzip:   2.49 kB
dist/assets/glossaryData-BlRDfzY_.js                   9.37 kB │ gzip:   3.47 kB
dist/assets/AdaptivePracticeSession-D1OXkYpX.js        9.38 kB │ gzip:   3.18 kB
dist/assets/ResonanceOrb-loQpGIiA.js                   9.60 kB │ gzip:   3.50 kB
dist/assets/CAPEVAssessment-CczCtWlP.js                9.63 kB │ gzip:   3.44 kB
dist/assets/PitchInfoView-Ci1_gngX.js                 10.97 kB │ gzip:   3.55 kB
dist/assets/BaselineRecorder-BfWfTDpg.js              11.19 kB │ gzip:   4.08 kB
dist/assets/ExerciseLibraryView-Cxt-LKdm.js           11.38 kB │ gzip:   2.95 kB
dist/assets/VoiceQualityInfoView-jTvZy4Ok.js          11.68 kB │ gzip:   3.35 kB
dist/assets/VocalAnatomyInfoView-DwQ6GSlD.js          11.98 kB │ gzip:   3.43 kB
dist/assets/WeightToolbox-DWVGiZU_.js                 12.04 kB │ gzip:   3.24 kB
dist/assets/ResonanceInfoView-BDMjbDWp.js             12.16 kB │ gzip:   3.66 kB
dist/assets/IntonationInfoView-DkqhbmNJ.js            12.27 kB │ gzip:   3.34 kB
dist/assets/ArticulationInfoView-DHHkthX3.js          12.33 kB │ gzip:   3.47 kB
dist/assets/GenderPerceptionInfoView-DyWWAtxN.js      12.65 kB │ gzip:   3.92 kB
dist/assets/useProgram-C4GroPhl.js                    13.38 kB │ gzip:   4.25 kB
dist/assets/Module6WrapUp-TEQd62ON.js                 13.49 kB │ gzip:   4.58 kB
dist/assets/ResearchView-BsSb-_3T.js                  15.03 kB │ gzip:   4.62 kB
dist/assets/FormantsInfoView-7GUtS0Dd.js              15.49 kB │ gzip:   4.55 kB
dist/assets/ExerciseLibrary-_Gweskxp.js               17.28 kB │ gzip:   4.94 kB
dist/assets/knowledgeBase-5up1QauT.js                 19.11 kB │ gzip:   7.21 kB
dist/assets/CoachView-B8Lz4J6l.js                     21.96 kB │ gzip:   5.44 kB
dist/assets/purify.es-B9ZVCkUG.js                     22.64 kB │ gzip:   8.75 kB
dist/assets/PracticeCardsPanel-1Ypw6SrG.js            23.42 kB │ gzip:   5.33 kB
dist/assets/trainingData-DnIlatVt.js                  24.01 kB │ gzip:  10.12 kB
dist/assets/DynamicOrb-7chgTUo0.js                    25.89 kB │ gzip:   7.76 kB
dist/assets/PitchVisualizer-Bwzeu6c7.js               28.75 kB │ gzip:   9.47 kB
dist/assets/SettingsView-DnrY9spF.js                  30.05 kB │ gzip:   7.15 kB
dist/assets/CommunityHub-CYCvFztO.js                  30.10 kB │ gzip:   8.69 kB
dist/assets/ClinicalAssessmentView-4vuJBqyr.js        30.29 kB │ gzip:   8.62 kB
dist/assets/react-vendor-DJt_9Noo.js                  33.45 kB │ gzip:  12.26 kB
dist/assets/Sidebar-DUP-bNeS.js                       39.02 kB │ gzip:  14.39 kB
dist/assets/DashboardView-CLF_Pqnz.js                 57.83 kB │ gzip:  14.79 kB
dist/assets/LearnView-Cmfz7yJ2.js                     67.78 kB │ gzip:  18.40 kB
dist/assets/ui-icons-BWVta8eq.js                      71.98 kB │ gzip:  14.52 kB
dist/assets/AnalysisHub-BBXys6_m.js                   95.97 kB │ gzip:  27.55 kB
dist/assets/index.es-CyLJQbjE.js                     150.51 kB │ gzip:  51.45 kB
dist/assets/GuidedJourney-Bb-cFqpO.js                151.17 kB │ gzip:  44.17 kB
dist/assets/PracticeMode-Dj-PbVz6.js                 227.54 kB │ gzip:  60.96 kB
dist/assets/HistoryView-TNScdOF-.js                  232.03 kB │ gzip:  57.15 kB
dist/assets/three-fiber-C93p-Xy3.js                  292.81 kB │ gzip:  93.74 kB
dist/assets/pdf-CfZ1dZXi.js                          418.70 kB │ gzip: 136.83 kB
dist/assets/three-core-DsGUN9zA.js                   718.83 kB │ gzip: 186.87 kB
dist/assets/transformers-CzEiezFJ.js                 825.36 kB │ gzip: 200.26 kB
dist/assets/index-Bv6h6sod.js                      1,123.11 kB │ gzip: 350.31 kB

(!) Some chunks are larger than 1000 kB after minification. Consider:
- Using dynamic import() to code-split the application
- Use build.rollupOptions.output.manualChunks to improve chunking: https://rollupjs.org/configuration-options/#output-manualchunks
- Adjust chunk size limit for this warning via build.chunkSizeWarningLimit.
✓ built in 44.49s

PWA v1.2.0
mode      generateSW
precache  144 entries (15333.69 KiB)
files generated
  dist/sw.js
  dist/workbox-daba6f28.js
